INFO 2025-09-02 15:15:56,945 autoreload 22259 140704590802880 Watching for file changes with StatReloader
WARNING 2025-09-02 15:16:10,304 basehttp 22259 123145538871296 "GET /ws/operator/ HTTP/1.1" 404 25412
WARNING 2025-09-02 15:16:10,369 basehttp 22259 123145538871296 "GET /ws/operator/ HTTP/1.1" 404 25412
INFO 2025-09-02 15:17:07,942 autoreload 22259 140704590802880 /Users/shakhzodabidov/Projects/BabayBurgerMiniApp/backend/config/urls.py changed, reloading.
INFO 2025-09-02 15:17:09,701 autoreload 23271 140704590802880 Watching for file changes with StatReloader
ERROR 2025-09-02 15:17:16,169 basehttp 23271 123145379794944 "GET /ws/operator/ HTTP/1.1" 500 76386
ERROR 2025-09-02 15:17:16,241 basehttp 23271 123145379794944 "GET /ws/operator/ HTTP/1.1" 500 76386
INFO 2025-09-02 15:17:26,022 autoreload 23271 140704590802880 /Users/shakhzodabidov/Projects/BabayBurgerMiniApp/backend/config/urls.py changed, reloading.
INFO 2025-09-02 15:17:27,745 autoreload 23579 140704590802880 Watching for file changes with StatReloader
INFO 2025-09-02 15:18:04,849 autoreload 24039 140704590802880 Watching for file changes with StatReloader
ERROR 2025-09-02 15:18:14,617 basehttp 24039 123145533698048 "GET /ws/operator/ HTTP/1.1" 500 76386
ERROR 2025-09-02 15:18:14,688 basehttp 24039 123145533698048 "GET /ws/operator/ HTTP/1.1" 500 76386
INFO 2025-09-02 15:18:46,753 autoreload 24039 140704590802880 /Users/shakhzodabidov/Projects/BabayBurgerMiniApp/backend/config/urls.py changed, reloading.
INFO 2025-09-02 15:18:47,736 autoreload 24652 140704590802880 Watching for file changes with StatReloader
INFO 2025-09-02 15:18:54,990 basehttp 24652 123145534472192 "GET /api/categories/ HTTP/1.1" 200 734
INFO 2025-09-02 15:18:55,194 basehttp 24652 123145568051200 "GET /api/promotions/ HTTP/1.1" 200 1727
INFO 2025-09-02 15:18:55,366 basehttp 24652 123145551261696 "GET /api/menu/ HTTP/1.1" 200 19105
INFO 2025-09-02 15:18:56,165 basehttp 24652 123145584840704 "GET /api/addresses/?telegram_id=123456789 HTTP/1.1" 200 1402
INFO 2025-09-02 15:18:56,392 basehttp 24652 123145601630208 "GET /api/delivery-zones/ HTTP/1.1" 200 1748
INFO 2025-09-02 15:18:56,503 basehttp 24652 123145584840704 "GET /api/addresses/?telegram_id=123456789 HTTP/1.1" 200 1402
INFO 2025-09-02 15:19:07,152 basehttp 24652 123145584840704 "GET /api/orders/?telegram_id=123456789 HTTP/1.1" 200 7441
