[2025-09-02 15:17:16,166] ERROR log log_response 241 - Internal Server Error: /ws/operator/
Traceback (most recent call last):
  File "/Users/shakhzodabidov/Projects/BabayBurgerMiniApp/backend/venv/lib/python3.13/site-packages/django/core/handlers/exception.py", line 55, in inner
    response = get_response(request)
  File "/Users/shakhzodabidov/Projects/BabayBurgerMiniApp/backend/venv/lib/python3.13/site-packages/django/core/handlers/base.py", line 197, in _get_response
    response = wrapped_callback(request, *callback_args, **callback_kwargs)
  File "/Users/shakhzodabidov/Projects/BabayBurgerMiniApp/backend/venv/lib/python3.13/site-packages/asgiref/sync.py", line 223, in __call__
    self.awaitable(*args, **kwargs),
    ~~~~~~~~~~~~~~^^^^^^^^^^^^^^^^^
TypeError: OperatorConsumer() missing 2 required positional arguments: 'receive' and 'send'
[2025-09-02 15:17:16,240] ERROR log log_response 241 - Internal Server Error: /ws/operator/
Traceback (most recent call last):
  File "/Users/shakhzodabidov/Projects/BabayBurgerMiniApp/backend/venv/lib/python3.13/site-packages/django/core/handlers/exception.py", line 55, in inner
    response = get_response(request)
  File "/Users/shakhzodabidov/Projects/BabayBurgerMiniApp/backend/venv/lib/python3.13/site-packages/django/core/handlers/base.py", line 197, in _get_response
    response = wrapped_callback(request, *callback_args, **callback_kwargs)
  File "/Users/shakhzodabidov/Projects/BabayBurgerMiniApp/backend/venv/lib/python3.13/site-packages/asgiref/sync.py", line 223, in __call__
    self.awaitable(*args, **kwargs),
    ~~~~~~~~~~~~~~^^^^^^^^^^^^^^^^^
TypeError: OperatorConsumer() missing 2 required positional arguments: 'receive' and 'send'
[2025-09-02 15:18:14,614] ERROR log log_response 241 - Internal Server Error: /ws/operator/
Traceback (most recent call last):
  File "/Users/shakhzodabidov/Projects/BabayBurgerMiniApp/backend/venv/lib/python3.13/site-packages/django/core/handlers/exception.py", line 55, in inner
    response = get_response(request)
  File "/Users/shakhzodabidov/Projects/BabayBurgerMiniApp/backend/venv/lib/python3.13/site-packages/django/core/handlers/base.py", line 197, in _get_response
    response = wrapped_callback(request, *callback_args, **callback_kwargs)
  File "/Users/shakhzodabidov/Projects/BabayBurgerMiniApp/backend/venv/lib/python3.13/site-packages/asgiref/sync.py", line 223, in __call__
    self.awaitable(*args, **kwargs),
    ~~~~~~~~~~~~~~^^^^^^^^^^^^^^^^^
TypeError: OperatorConsumer() missing 2 required positional arguments: 'receive' and 'send'
[2025-09-02 15:18:14,687] ERROR log log_response 241 - Internal Server Error: /ws/operator/
Traceback (most recent call last):
  File "/Users/shakhzodabidov/Projects/BabayBurgerMiniApp/backend/venv/lib/python3.13/site-packages/django/core/handlers/exception.py", line 55, in inner
    response = get_response(request)
  File "/Users/shakhzodabidov/Projects/BabayBurgerMiniApp/backend/venv/lib/python3.13/site-packages/django/core/handlers/base.py", line 197, in _get_response
    response = wrapped_callback(request, *callback_args, **callback_kwargs)
  File "/Users/shakhzodabidov/Projects/BabayBurgerMiniApp/backend/venv/lib/python3.13/site-packages/asgiref/sync.py", line 223, in __call__
    self.awaitable(*args, **kwargs),
    ~~~~~~~~~~~~~~^^^^^^^^^^^^^^^^^
TypeError: OperatorConsumer() missing 2 required positional arguments: 'receive' and 'send'
